e:\myvtkprojects\firstvtkapp\qtwidgetsapplication1\x64\debug\advancedcurvestyler.obj
e:\myvtkprojects\firstvtkapp\qtwidgetsapplication1\x64\debug\main.obj
e:\myvtkprojects\firstvtkapp\qtwidgetsapplication1\x64\debug\vtkrenderwidget.obj
e:\myvtkprojects\firstvtkapp\qtwidgetsapplication1\x64\debug\qtwidgetsapplication1.obj
e:\myvtkprojects\firstvtkapp\qtwidgetsapplication1\x64\debug\titlebar.obj
e:\myvtkprojects\firstvtkapp\qtwidgetsapplication1\x64\debug\basewindow.obj
e:\myvtkprojects\firstvtkapp\qtwidgetsapplication1\x64\debug\mainwindow.obj
e:\myvtkprojects\firstvtkapp\qtwidgetsapplication1\x64\debug\windowcontrol.obj
e:\myvtkprojects\firstvtkapp\qtwidgetsapplication1\x64\debug\cylinderexample.obj
e:\myvtkprojects\firstvtkapp\qtwidgetsapplication1\x64\debug\qt\moc\moc_qtwidgetsapplication1.cpp
e:\myvtkprojects\firstvtkapp\qtwidgetsapplication1\x64\debug\qt\moc\moc_titlebar.cpp
e:\myvtkprojects\firstvtkapp\qtwidgetsapplication1\x64\debug\qt\moc\moc_basewindow.cpp
e:\myvtkprojects\firstvtkapp\qtwidgetsapplication1\x64\debug\qt\moc\moc_qcustomplot.cpp
e:\myvtkprojects\firstvtkapp\qtwidgetsapplication1\x64\debug\qt\moc\moc_advancedcurvestyler.cpp
e:\myvtkprojects\firstvtkapp\qtwidgetsapplication1\x64\debug\qt\moc\moc_vtkrenderwidget.cpp
e:\myvtkprojects\firstvtkapp\qtwidgetsapplication1\x64\debug\qt\uic\ui_qtwidgetsapplication1.h
e:\myvtkprojects\firstvtkapp\qtwidgetsapplication1\x64\debug\qt\rcc\qrc_qtwidgetsapplication1.cpp
e:\myvtkprojects\firstvtkapp\qtwidgetsapplication1\x64\debug\vc143.idb
e:\myvtkprojects\firstvtkapp\qtwidgetsapplication1\x64\debug\vc143.pdb
e:\myvtkprojects\firstvtkapp\qtwidgetsapplication1\x64\debug\qtwidget.8a8bd3a0.tlog\cl.1272.write.1.tlog
e:\myvtkprojects\firstvtkapp\qtwidgetsapplication1\x64\debug\qtwidget.8a8bd3a0.tlog\cl.command.1.tlog
e:\myvtkprojects\firstvtkapp\qtwidgetsapplication1\x64\debug\qtwidget.8a8bd3a0.tlog\cl.read.1.tlog
e:\myvtkprojects\firstvtkapp\qtwidgetsapplication1\x64\debug\qtwidget.8a8bd3a0.tlog\moc.read.1u.tlog
e:\myvtkprojects\firstvtkapp\qtwidgetsapplication1\x64\debug\qtwidget.8a8bd3a0.tlog\moc.write.1u.tlog
e:\myvtkprojects\firstvtkapp\qtwidgetsapplication1\x64\debug\qtwidget.8a8bd3a0.tlog\qtwidgetsapplication1.write.1u.tlog
e:\myvtkprojects\firstvtkapp\qtwidgetsapplication1\x64\debug\qtwidget.8a8bd3a0.tlog\rcc.read.1u.tlog
e:\myvtkprojects\firstvtkapp\qtwidgetsapplication1\x64\debug\qtwidget.8a8bd3a0.tlog\rcc.write.1u.tlog
e:\myvtkprojects\firstvtkapp\qtwidgetsapplication1\x64\debug\qtwidget.8a8bd3a0.tlog\uic.read.1u.tlog
e:\myvtkprojects\firstvtkapp\qtwidgetsapplication1\x64\debug\qtwidget.8a8bd3a0.tlog\uic.write.1u.tlog
